// Jest Snapshot v1, https://goo.gl/fbAQLP

exports[`Button component should render as expected 1`] = `
<div
  className="mx-auto w-1/2 h-auto mb-4 mt-8 pt-8"
>
  <div
    className="mx-auto h-64 mb-4 p-4 border flex flex-col justify-end rounded shadow border overflow-y-scroll"
  >
    <TypingIndicator
      typing={false}
    />
  </div>
  <MessageForm
    onSubmit={[Function]}
  />
</div>
`;
