// Jest Snapshot v1, https://goo.gl/fbAQLP

exports[`SinglePost component should render as expected 1`] = `
<div
  className="w-full shadow p-6 m-6 border rounded relative"
>
  <article
    className="mb-2"
  >
    <Button
      className="absolute pin-t pin-r mx-4 my-6"
      danger={true}
      onClick={[Function]}
    >
      x
    </Button>
    <h2
      className="mb-4 w-4/5"
    />
    <ReactMarkdown
      className="mb-4 text-grey-darkest markdown"
      escapeHtml={true}
      renderers={Object {}}
      skipHtml={false}
      transformLinkUri={[Function]}
    />
    <p
      className="text-grey-dark mb-4"
    >
      Posted by: 
       @ 
    </p>
  </article>
  <Comments />
</div>
`;
